Validation Error: [ VUID-VkPhysicalDeviceMeshShaderFeaturesEXT-multiviewMeshShader-07032 ] | MessageID = 0x11d468c1
vkCreateDevice(): If multiviewMeshShader is VK_TRUE then multiview also needs to be VK_TRUE.
The Vulkan spec states: If multiviewMeshShader is enabled then VkPhysicalDeviceMultiviewFeaturesKHR::multiview must also be enabled (https://docs.vulkan.org/spec/latest/chapters/features.html#VUID-VkPhysicalDeviceMeshShaderFeaturesEXT-multiviewMeshShader-07032)
Objects: 1
    [0] VkPhysicalDevice 0x2a08d00b630

Validation Error: [ VUID-VkPhysicalDeviceMeshShaderFeaturesEXT-primitiveFragmentShadingRateMeshShader-07033 ] | MessageID = 0xd4075d83
vkCreateDevice(): If primitiveFragmentShadingRateMeshShader is VK_TRUE then primitiveFragmentShadingRate also needs to be VK_TRUE.
The Vulkan spec states: If primitiveFragmentShadingRateMeshShader is enabled then VkPhysicalDeviceFragmentShadingRateFeaturesKHR::primitiveFragmentShadingRate must also be enabled (https://docs.vulkan.org/spec/latest/chapters/features.html#VUID-VkPhysicalDeviceMeshShaderFeaturesEXT-primitiveFragmentShadingRateMeshShader-07033)
Objects: 1
    [0] VkPhysicalDevice 0x2a08d00b630

Validation Error: [ VUID-vkCmdDraw-dynamicRenderingUnusedAttachments-08910 ] | MessageID = 0x4df5ffd4
vkCmdDraw(): VkRenderingInfo::pColorAttachments[0].imageView format (VK_FORMAT_B8G8R8A8_SRGB) must match the corresponding format in VkPipelineRenderingCreateInfo::pColorAttachmentFormats[0] (VK_FORMAT_B8G8R8A8_UNORM).
The Vulkan spec states: If the dynamicRenderingUnusedAttachments feature is not enabled, and the current render pass instance was begun with vkCmdBeginRendering and VkRenderingInfo::colorAttachmentCount greater than 0, then each element of the VkRenderingInfo::pColorAttachments array with an imageView not equal to VK_NULL_HANDLE must have been created with a VkFormat equal to the corresponding element of VkPipelineRenderingCreateInfo::pColorAttachmentFormats used to create the bound graphics pipeline (https://docs.vulkan.org/spec/latest/chapters/drawing.html#VUID-vkCmdDraw-dynamicRenderingUnusedAttachments-08910)
Objects: 2
    [0] VkCommandBuffer 0x2a08fd1c5c8
    [1] VkPipeline 0x190000000019

Validation Error: [ VUID-vkCmdDraw-dynamicRenderingUnusedAttachments-08910 ] | MessageID = 0x4df5ffd4
vkCmdDraw(): VkRenderingInfo::pColorAttachments[0].imageView format (VK_FORMAT_B8G8R8A8_SRGB) must match the corresponding format in VkPipelineRenderingCreateInfo::pColorAttachmentFormats[0] (VK_FORMAT_B8G8R8A8_UNORM).
The Vulkan spec states: If the dynamicRenderingUnusedAttachments feature is not enabled, and the current render pass instance was begun with vkCmdBeginRendering and VkRenderingInfo::colorAttachmentCount greater than 0, then each element of the VkRenderingInfo::pColorAttachments array with an imageView not equal to VK_NULL_HANDLE must have been created with a VkFormat equal to the corresponding element of VkPipelineRenderingCreateInfo::pColorAttachmentFormats used to create the bound graphics pipeline (https://docs.vulkan.org/spec/latest/chapters/drawing.html#VUID-vkCmdDraw-dynamicRenderingUnusedAttachments-08910)
Objects: 2
    [0] VkCommandBuffer 0x2a08fd1c5c8
    [1] VkPipeline 0x190000000019

Validation Error: [ VUID-vkQueueSubmit-pSignalSemaphores-00067 ] | MessageID = 0x539277af
vkQueueSubmit(): pSubmits[0].pSignalSemaphores[0] (VkSemaphore 0x110000000011) is being signaled by VkQueue 0x2a08d171bb8, but it may still be in use by VkSwapchainKHR 0x80000000008.
Most recently acquired image indices: [0], 1.
(Brackets mark the last use of VkSemaphore 0x110000000011 in a presentation operation.)
Swapchain image 0 was presented but was not re-acquired, so VkSemaphore 0x110000000011 may still be in use and cannot be safely reused with image index 1.
Vulkan insight: See https://docs.vulkan.org/guide/latest/swapchain_semaphore_reuse.html for details on swapchain semaphore reuse. Examples of possible approaches:
   a) Use a separate semaphore per swapchain image. Index these semaphores using the index of the acquired image.
   b) Consider the VK_KHR_swapchain_maintenance1 extension. It allows using a VkFence with the presentation operation.
The Vulkan spec states: Each binary semaphore element of the pSignalSemaphores member of any element of pSubmits must be unsignaled when the semaphore signal operation it defines is executed on the device (https://docs.vulkan.org/spec/latest/chapters/cmdbuffers.html#VUID-vkQueueSubmit-pSignalSemaphores-00067)
Objects: 2
    [0] VkSemaphore 0x110000000011
    [1] VkQueue 0x2a08d171bb8

Validation Error: [ VUID-vkQueuePresentKHR-pWaitSemaphores-03268 ] | MessageID = 0x251f8f7a
vkQueuePresentKHR(): pPresentInfo->pWaitSemaphores[0] queue (VkQueue 0x2a08d171bb8) is waiting on semaphore (VkSemaphore 0x120000000012) that has no way to be signaled.
The Vulkan spec states: All elements of the pWaitSemaphores member of pPresentInfo must reference a semaphore signal operation that has been submitted for execution and any semaphore signal operations on which it depends must have also been submitted for execution (https://docs.vulkan.org/spec/latest/chapters/VK_KHR_surface/wsi.html#VUID-vkQueuePresentKHR-pWaitSemaphores-03268)
Objects: 2
    [0] VkSemaphore 0x120000000012
    [1] VkQueue 0x2a08d171bb8

Validation Error: [ VUID-vkCmdDraw-dynamicRenderingUnusedAttachments-08910 ] | MessageID = 0x4df5ffd4
vkCmdDraw(): VkRenderingInfo::pColorAttachments[0].imageView format (VK_FORMAT_B8G8R8A8_SRGB) must match the corresponding format in VkPipelineRenderingCreateInfo::pColorAttachmentFormats[0] (VK_FORMAT_B8G8R8A8_UNORM).
The Vulkan spec states: If the dynamicRenderingUnusedAttachments feature is not enabled, and the current render pass instance was begun with vkCmdBeginRendering and VkRenderingInfo::colorAttachmentCount greater than 0, then each element of the VkRenderingInfo::pColorAttachments array with an imageView not equal to VK_NULL_HANDLE must have been created with a VkFormat equal to the corresponding element of VkPipelineRenderingCreateInfo::pColorAttachmentFormats used to create the bound graphics pipeline (https://docs.vulkan.org/spec/latest/chapters/drawing.html#VUID-vkCmdDraw-dynamicRenderingUnusedAttachments-08910)
Objects: 2
    [0] VkCommandBuffer 0x2a08fd1c5c8
    [1] VkPipeline 0x190000000019

Validation Error: [ VUID-vkQueueSubmit-pSignalSemaphores-00067 ] | MessageID = 0x539277af
vkQueueSubmit(): pSubmits[0].pSignalSemaphores[0] (VkSemaphore 0x110000000011) is being signaled by VkQueue 0x2a08d171bb8, but it was previously signaled by VkQueue 0x2a08d171bb8 and has not since been waited on.
The Vulkan spec states: Each binary semaphore element of the pSignalSemaphores member of any element of pSubmits must be unsignaled when the semaphore signal operation it defines is executed on the device (https://docs.vulkan.org/spec/latest/chapters/cmdbuffers.html#VUID-vkQueueSubmit-pSignalSemaphores-00067)
Objects: 3
    [0] VkSemaphore 0x110000000011
    [1] VkQueue 0x2a08d171bb8
    [2] VkQueue 0x2a08d171bb8

Validation Error: [ VUID-vkQueuePresentKHR-pWaitSemaphores-03268 ] | MessageID = 0x251f8f7a
vkQueuePresentKHR(): pPresentInfo->pWaitSemaphores[0] queue (VkQueue 0x2a08d171bb8) is waiting on semaphore (VkSemaphore 0x130000000013) that has no way to be signaled.
The Vulkan spec states: All elements of the pWaitSemaphores member of pPresentInfo must reference a semaphore signal operation that has been submitted for execution and any semaphore signal operations on which it depends must have also been submitted for execution (https://docs.vulkan.org/spec/latest/chapters/VK_KHR_surface/wsi.html#VUID-vkQueuePresentKHR-pWaitSemaphores-03268)
Objects: 2
    [0] VkSemaphore 0x130000000013
    [1] VkQueue 0x2a08d171bb8

Validation Error: [ VUID-vkCmdDraw-dynamicRenderingUnusedAttachments-08910 ] | MessageID = 0x4df5ffd4
vkCmdDraw(): VkRenderingInfo::pColorAttachments[0].imageView format (VK_FORMAT_B8G8R8A8_SRGB) must match the corresponding format in VkPipelineRenderingCreateInfo::pColorAttachmentFormats[0] (VK_FORMAT_B8G8R8A8_UNORM).
The Vulkan spec states: If the dynamicRenderingUnusedAttachments feature is not enabled, and the current render pass instance was begun with vkCmdBeginRendering and VkRenderingInfo::colorAttachmentCount greater than 0, then each element of the VkRenderingInfo::pColorAttachments array with an imageView not equal to VK_NULL_HANDLE must have been created with a VkFormat equal to the corresponding element of VkPipelineRenderingCreateInfo::pColorAttachmentFormats used to create the bound graphics pipeline (https://docs.vulkan.org/spec/latest/chapters/drawing.html#VUID-vkCmdDraw-dynamicRenderingUnusedAttachments-08910)
Objects: 2
    [0] VkCommandBuffer 0x2a08fd1c5c8
    [1] VkPipeline 0x190000000019

Validation Error: [ VUID-vkQueueSubmit-pSignalSemaphores-00067 ] | MessageID = 0x539277af
vkQueueSubmit(): pSubmits[0].pSignalSemaphores[0] (VkSemaphore 0x110000000011) is being signaled by VkQueue 0x2a08d171bb8, but it was previously signaled by VkQueue 0x2a08d171bb8 and has not since been waited on.
The Vulkan spec states: Each binary semaphore element of the pSignalSemaphores member of any element of pSubmits must be unsignaled when the semaphore signal operation it defines is executed on the device (https://docs.vulkan.org/spec/latest/chapters/cmdbuffers.html#VUID-vkQueueSubmit-pSignalSemaphores-00067)
Objects: 3
    [0] VkSemaphore 0x110000000011
    [1] VkQueue 0x2a08d171bb8
    [2] VkQueue 0x2a08d171bb8

Validation Error: [ VUID-vkCmdDraw-dynamicRenderingUnusedAttachments-08910 ] | MessageID = 0x4df5ffd4
vkCmdDraw(): VkRenderingInfo::pColorAttachments[0].imageView format (VK_FORMAT_B8G8R8A8_SRGB) must match the corresponding format in VkPipelineRenderingCreateInfo::pColorAttachmentFormats[0] (VK_FORMAT_B8G8R8A8_UNORM).
The Vulkan spec states: If the dynamicRenderingUnusedAttachments feature is not enabled, and the current render pass instance was begun with vkCmdBeginRendering and VkRenderingInfo::colorAttachmentCount greater than 0, then each element of the VkRenderingInfo::pColorAttachments array with an imageView not equal to VK_NULL_HANDLE must have been created with a VkFormat equal to the corresponding element of VkPipelineRenderingCreateInfo::pColorAttachmentFormats used to create the bound graphics pipeline (https://docs.vulkan.org/spec/latest/chapters/drawing.html#VUID-vkCmdDraw-dynamicRenderingUnusedAttachments-08910)
Objects: 2
    [0] VkCommandBuffer 0x2a08fd1c5c8
    [1] VkPipeline 0x190000000019

Validation Error: [ VUID-vkQueueSubmit-pSignalSemaphores-00067 ] | MessageID = 0x539277af
vkQueueSubmit(): pSubmits[0].pSignalSemaphores[0] (VkSemaphore 0x110000000011) is being signaled by VkQueue 0x2a08d171bb8, but it may still be in use by VkSwapchainKHR 0x80000000008.
Most recently acquired image indices: 0, 1, 2, [0], 1.
(Brackets mark the last use of VkSemaphore 0x110000000011 in a presentation operation.)
Swapchain image 0 was presented but was not re-acquired, so VkSemaphore 0x110000000011 may still be in use and cannot be safely reused with image index 1.
Vulkan insight: See https://docs.vulkan.org/guide/latest/swapchain_semaphore_reuse.html for details on swapchain semaphore reuse. Examples of possible approaches:
   a) Use a separate semaphore per swapchain image. Index these semaphores using the index of the acquired image.
   b) Consider the VK_KHR_swapchain_maintenance1 extension. It allows using a VkFence with the presentation operation.
The Vulkan spec states: Each binary semaphore element of the pSignalSemaphores member of any element of pSubmits must be unsignaled when the semaphore signal operation it defines is executed on the device (https://docs.vulkan.org/spec/latest/chapters/cmdbuffers.html#VUID-vkQueueSubmit-pSignalSemaphores-00067)
Objects: 2
    [0] VkSemaphore 0x110000000011
    [1] VkQueue 0x2a08d171bb8

Validation Error: [ VUID-vkQueuePresentKHR-pWaitSemaphores-03268 ] | MessageID = 0x251f8f7a
vkQueuePresentKHR(): pPresentInfo->pWaitSemaphores[0] queue (VkQueue 0x2a08d171bb8) is waiting on semaphore (VkSemaphore 0x120000000012) that has no way to be signaled.
The Vulkan spec states: All elements of the pWaitSemaphores member of pPresentInfo must reference a semaphore signal operation that has been submitted for execution and any semaphore signal operations on which it depends must have also been submitted for execution (https://docs.vulkan.org/spec/latest/chapters/VK_KHR_surface/wsi.html#VUID-vkQueuePresentKHR-pWaitSemaphores-03268)
Objects: 2
    [0] VkSemaphore 0x120000000012
    [1] VkQueue 0x2a08d171bb8

Validation Error: [ VUID-vkCmdDraw-dynamicRenderingUnusedAttachments-08910 ] | MessageID = 0x4df5ffd4
vkCmdDraw(): VkRenderingInfo::pColorAttachments[0].imageView format (VK_FORMAT_B8G8R8A8_SRGB) must match the corresponding format in VkPipelineRenderingCreateInfo::pColorAttachmentFormats[0] (VK_FORMAT_B8G8R8A8_UNORM).
The Vulkan spec states: If the dynamicRenderingUnusedAttachments feature is not enabled, and the current render pass instance was begun with vkCmdBeginRendering and VkRenderingInfo::colorAttachmentCount greater than 0, then each element of the VkRenderingInfo::pColorAttachments array with an imageView not equal to VK_NULL_HANDLE must have been created with a VkFormat equal to the corresponding element of VkPipelineRenderingCreateInfo::pColorAttachmentFormats used to create the bound graphics pipeline (https://docs.vulkan.org/spec/latest/chapters/drawing.html#VUID-vkCmdDraw-dynamicRenderingUnusedAttachments-08910)
Objects: 2
    [0] VkCommandBuffer 0x2a08fd1c5c8
    [1] VkPipeline 0x190000000019

Validation Error: [ VUID-vkQueueSubmit-pSignalSemaphores-00067 ] | MessageID = 0x539277af
vkQueueSubmit(): pSubmits[0].pSignalSemaphores[0] (VkSemaphore 0x110000000011) is being signaled by VkQueue 0x2a08d171bb8, but it was previously signaled by VkQueue 0x2a08d171bb8 and has not since been waited on.
The Vulkan spec states: Each binary semaphore element of the pSignalSemaphores member of any element of pSubmits must be unsignaled when the semaphore signal operation it defines is executed on the device (https://docs.vulkan.org/spec/latest/chapters/cmdbuffers.html#VUID-vkQueueSubmit-pSignalSemaphores-00067)
Objects: 3
    [0] VkSemaphore 0x110000000011
    [1] VkQueue 0x2a08d171bb8
    [2] VkQueue 0x2a08d171bb8

Validation Error: [ VUID-vkQueuePresentKHR-pWaitSemaphores-03268 ] | MessageID = 0x251f8f7a
vkQueuePresentKHR(): pPresentInfo->pWaitSemaphores[0] queue (VkQueue 0x2a08d171bb8) is waiting on semaphore (VkSemaphore 0x130000000013) that has no way to be signaled.
The Vulkan spec states: All elements of the pWaitSemaphores member of pPresentInfo must reference a semaphore signal operation that has been submitted for execution and any semaphore signal operations on which it depends must have also been submitted for execution (https://docs.vulkan.org/spec/latest/chapters/VK_KHR_surface/wsi.html#VUID-vkQueuePresentKHR-pWaitSemaphores-03268)
Objects: 2
    [0] VkSemaphore 0x130000000013
    [1] VkQueue 0x2a08d171bb8

Validation Error: [ VUID-vkCmdDraw-dynamicRenderingUnusedAttachments-08910 ] | MessageID = 0x4df5ffd4
vkCmdDraw(): VkRenderingInfo::pColorAttachments[0].imageView format (VK_FORMAT_B8G8R8A8_SRGB) must match the corresponding format in VkPipelineRenderingCreateInfo::pColorAttachmentFormats[0] (VK_FORMAT_B8G8R8A8_UNORM).
The Vulkan spec states: If the dynamicRenderingUnusedAttachments feature is not enabled, and the current render pass instance was begun with vkCmdBeginRendering and VkRenderingInfo::colorAttachmentCount greater than 0, then each element of the VkRenderingInfo::pColorAttachments array with an imageView not equal to VK_NULL_HANDLE must have been created with a VkFormat equal to the corresponding element of VkPipelineRenderingCreateInfo::pColorAttachmentFormats used to create the bound graphics pipeline (https://docs.vulkan.org/spec/latest/chapters/drawing.html#VUID-vkCmdDraw-dynamicRenderingUnusedAttachments-08910)
Objects: 2
    [0] VkCommandBuffer 0x2a08fd1c5c8
    [1] VkPipeline 0x190000000019

Validation Error: [ VUID-vkQueueSubmit-pSignalSemaphores-00067 ] | MessageID = 0x539277af
vkQueueSubmit(): pSubmits[0].pSignalSemaphores[0] (VkSemaphore 0x110000000011) is being signaled by VkQueue 0x2a08d171bb8, but it was previously signaled by VkQueue 0x2a08d171bb8 and has not since been waited on.
The Vulkan spec states: Each binary semaphore element of the pSignalSemaphores member of any element of pSubmits must be unsignaled when the semaphore signal operation it defines is executed on the device (https://docs.vulkan.org/spec/latest/chapters/cmdbuffers.html#VUID-vkQueueSubmit-pSignalSemaphores-00067)
Objects: 3
    [0] VkSemaphore 0x110000000011
    [1] VkQueue 0x2a08d171bb8
    [2] VkQueue 0x2a08d171bb8

Validation Error: [ VUID-vkCmdDraw-dynamicRenderingUnusedAttachments-08910 ] | MessageID = 0x4df5ffd4
vkCmdDraw(): VkRenderingInfo::pColorAttachments[0].imageView format (VK_FORMAT_B8G8R8A8_SRGB) must match the corresponding format in VkPipelineRenderingCreateInfo::pColorAttachmentFormats[0] (VK_FORMAT_B8G8R8A8_UNORM).
The Vulkan spec states: If the dynamicRenderingUnusedAttachments feature is not enabled, and the current render pass instance was begun with vkCmdBeginRendering and VkRenderingInfo::colorAttachmentCount greater than 0, then each element of the VkRenderingInfo::pColorAttachments array with an imageView not equal to VK_NULL_HANDLE must have been created with a VkFormat equal to the corresponding element of VkPipelineRenderingCreateInfo::pColorAttachmentFormats used to create the bound graphics pipeline (https://docs.vulkan.org/spec/latest/chapters/drawing.html#VUID-vkCmdDraw-dynamicRenderingUnusedAttachments-08910)
Objects: 2
    [0] VkCommandBuffer 0x2a08fd1c5c8
    [1] VkPipeline 0x190000000019

Validation Error: [ VUID-vkQueueSubmit-pSignalSemaphores-00067 ] | MessageID = 0x539277af
vkQueueSubmit(): pSubmits[0].pSignalSemaphores[0] (VkSemaphore 0x110000000011) is being signaled by VkQueue 0x2a08d171bb8, but it may still be in use by VkSwapchainKHR 0x80000000008.
Most recently acquired image indices: 0, 1, 2, 0, 1, 2, [0], 1.
(Brackets mark the last use of VkSemaphore 0x110000000011 in a presentation operation.)
Swapchain image 0 was presented but was not re-acquired, so VkSemaphore 0x110000000011 may still be in use and cannot be safely reused with image index 1.
Vulkan insight: See https://docs.vulkan.org/guide/latest/swapchain_semaphore_reuse.html for details on swapchain semaphore reuse. Examples of possible approaches:
   a) Use a separate semaphore per swapchain image. Index these semaphores using the index of the acquired image.
   b) Consider the VK_KHR_swapchain_maintenance1 extension. It allows using a VkFence with the presentation operation.
The Vulkan spec states: Each binary semaphore element of the pSignalSemaphores member of any element of pSubmits must be unsignaled when the semaphore signal operation it defines is executed on the device (https://docs.vulkan.org/spec/latest/chapters/cmdbuffers.html#VUID-vkQueueSubmit-pSignalSemaphores-00067)
Objects: 2
    [0] VkSemaphore 0x110000000011
    [1] VkQueue 0x2a08d171bb8

Validation Error: [ VUID-vkQueuePresentKHR-pWaitSemaphores-03268 ] | MessageID = 0x251f8f7a
vkQueuePresentKHR(): pPresentInfo->pWaitSemaphores[0] queue (VkQueue 0x2a08d171bb8) is waiting on semaphore (VkSemaphore 0x120000000012) that has no way to be signaled.
The Vulkan spec states: All elements of the pWaitSemaphores member of pPresentInfo must reference a semaphore signal operation that has been submitted for execution and any semaphore signal operations on which it depends must have also been submitted for execution (https://docs.vulkan.org/spec/latest/chapters/VK_KHR_surface/wsi.html#VUID-vkQueuePresentKHR-pWaitSemaphores-03268)
Objects: 2
    [0] VkSemaphore 0x120000000012
    [1] VkQueue 0x2a08d171bb8

Validation Error: [ VUID-vkCmdDraw-dynamicRenderingUnusedAttachments-08910 ] | MessageID = 0x4df5ffd4
vkCmdDraw(): VkRenderingInfo::pColorAttachments[0].imageView format (VK_FORMAT_B8G8R8A8_SRGB) must match the corresponding format in VkPipelineRenderingCreateInfo::pColorAttachmentFormats[0] (VK_FORMAT_B8G8R8A8_UNORM).
The Vulkan spec states: If the dynamicRenderingUnusedAttachments feature is not enabled, and the current render pass instance was begun with vkCmdBeginRendering and VkRenderingInfo::colorAttachmentCount greater than 0, then each element of the VkRenderingInfo::pColorAttachments array with an imageView not equal to VK_NULL_HANDLE must have been created with a VkFormat equal to the corresponding element of VkPipelineRenderingCreateInfo::pColorAttachmentFormats used to create the bound graphics pipeline (https://docs.vulkan.org/spec/latest/chapters/drawing.html#VUID-vkCmdDraw-dynamicRenderingUnusedAttachments-08910)
Objects: 2
    [0] VkCommandBuffer 0x2a08fd1c5c8
    [1] VkPipeline 0x190000000019

Validation Error: [ VUID-vkQueueSubmit-pSignalSemaphores-00067 ] | MessageID = 0x539277af
vkQueueSubmit(): pSubmits[0].pSignalSemaphores[0] (VkSemaphore 0x110000000011) is being signaled by VkQueue 0x2a08d171bb8, but it was previously signaled by VkQueue 0x2a08d171bb8 and has not since been waited on.
The Vulkan spec states: Each binary semaphore element of the pSignalSemaphores member of any element of pSubmits must be unsignaled when the semaphore signal operation it defines is executed on the device (https://docs.vulkan.org/spec/latest/chapters/cmdbuffers.html#VUID-vkQueueSubmit-pSignalSemaphores-00067)
Objects: 3
    [0] VkSemaphore 0x110000000011
    [1] VkQueue 0x2a08d171bb8
    [2] VkQueue 0x2a08d171bb8

Validation Error: [ VUID-vkQueuePresentKHR-pWaitSemaphores-03268 ] | MessageID = 0x251f8f7a
vkQueuePresentKHR(): pPresentInfo->pWaitSemaphores[0] queue (VkQueue 0x2a08d171bb8) is waiting on semaphore (VkSemaphore 0x130000000013) that has no way to be signaled.
The Vulkan spec states: All elements of the pWaitSemaphores member of pPresentInfo must reference a semaphore signal operation that has been submitted for execution and any semaphore signal operations on which it depends must have also been submitted for execution (https://docs.vulkan.org/spec/latest/chapters/VK_KHR_surface/wsi.html#VUID-vkQueuePresentKHR-pWaitSemaphores-03268)
Objects: 2
    [0] VkSemaphore 0x130000000013
    [1] VkQueue 0x2a08d171bb8

Validation Error: [ VUID-vkCmdDraw-dynamicRenderingUnusedAttachments-08910 ] | MessageID = 0x4df5ffd4
(Warning - This VUID has now been reported 10 times, which is the duplicate_message_limit value, this will be the last time reporting it).
vkCmdDraw(): VkRenderingInfo::pColorAttachments[0].imageView format (VK_FORMAT_B8G8R8A8_SRGB) must match the corresponding format in VkPipelineRenderingCreateInfo::pColorAttachmentFormats[0] (VK_FORMAT_B8G8R8A8_UNORM).
The Vulkan spec states: If the dynamicRenderingUnusedAttachments feature is not enabled, and the current render pass instance was begun with vkCmdBeginRendering and VkRenderingInfo::colorAttachmentCount greater than 0, then each element of the VkRenderingInfo::pColorAttachments array with an imageView not equal to VK_NULL_HANDLE must have been created with a VkFormat equal to the corresponding element of VkPipelineRenderingCreateInfo::pColorAttachmentFormats used to create the bound graphics pipeline (https://docs.vulkan.org/spec/latest/chapters/drawing.html#VUID-vkCmdDraw-dynamicRenderingUnusedAttachments-08910)
Objects: 2
    [0] VkCommandBuffer 0x2a08fd1c5c8
    [1] VkPipeline 0x190000000019

Validation Error: [ VUID-vkQueueSubmit-pSignalSemaphores-00067 ] | MessageID = 0x539277af
vkQueueSubmit(): pSubmits[0].pSignalSemaphores[0] (VkSemaphore 0x110000000011) is being signaled by VkQueue 0x2a08d171bb8, but it was previously signaled by VkQueue 0x2a08d171bb8 and has not since been waited on.
The Vulkan spec states: Each binary semaphore element of the pSignalSemaphores member of any element of pSubmits must be unsignaled when the semaphore signal operation it defines is executed on the device (https://docs.vulkan.org/spec/latest/chapters/cmdbuffers.html#VUID-vkQueueSubmit-pSignalSemaphores-00067)
Objects: 3
    [0] VkSemaphore 0x110000000011
    [1] VkQueue 0x2a08d171bb8
    [2] VkQueue 0x2a08d171bb8

Validation Error: [ VUID-vkQueueSubmit-pSignalSemaphores-00067 ] | MessageID = 0x539277af
(Warning - This VUID has now been reported 10 times, which is the duplicate_message_limit value, this will be the last time reporting it).
vkQueueSubmit(): pSubmits[0].pSignalSemaphores[0] (VkSemaphore 0x110000000011) is being signaled by VkQueue 0x2a08d171bb8, but it may still be in use by VkSwapchainKHR 0x80000000008.
Most recently acquired image indices: 0, 1, 2, 0, 1, 2, [0], 1.
(Brackets mark the last use of VkSemaphore 0x110000000011 in a presentation operation.)
Swapchain image 0 was presented but was not re-acquired, so VkSemaphore 0x110000000011 may still be in use and cannot be safely reused with image index 1.
Vulkan insight: See https://docs.vulkan.org/guide/latest/swapchain_semaphore_reuse.html for details on swapchain semaphore reuse. Examples of possible approaches:
   a) Use a separate semaphore per swapchain image. Index these semaphores using the index of the acquired image.
   b) Consider the VK_KHR_swapchain_maintenance1 extension. It allows using a VkFence with the presentation operation.
The Vulkan spec states: Each binary semaphore element of the pSignalSemaphores member of any element of pSubmits must be unsignaled when the semaphore signal operation it defines is executed on the device (https://docs.vulkan.org/spec/latest/chapters/cmdbuffers.html#VUID-vkQueueSubmit-pSignalSemaphores-00067)
Objects: 2
    [0] VkSemaphore 0x110000000011
    [1] VkQueue 0x2a08d171bb8

Validation Error: [ VUID-vkQueuePresentKHR-pWaitSemaphores-03268 ] | MessageID = 0x251f8f7a
vkQueuePresentKHR(): pPresentInfo->pWaitSemaphores[0] queue (VkQueue 0x2a08d171bb8) is waiting on semaphore (VkSemaphore 0x120000000012) that has no way to be signaled.
The Vulkan spec states: All elements of the pWaitSemaphores member of pPresentInfo must reference a semaphore signal operation that has been submitted for execution and any semaphore signal operations on which it depends must have also been submitted for execution (https://docs.vulkan.org/spec/latest/chapters/VK_KHR_surface/wsi.html#VUID-vkQueuePresentKHR-pWaitSemaphores-03268)
Objects: 2
    [0] VkSemaphore 0x120000000012
    [1] VkQueue 0x2a08d171bb8

Validation Error: [ VUID-vkQueuePresentKHR-pWaitSemaphores-03268 ] | MessageID = 0x251f8f7a
vkQueuePresentKHR(): pPresentInfo->pWaitSemaphores[0] queue (VkQueue 0x2a08d171bb8) is waiting on semaphore (VkSemaphore 0x130000000013) that has no way to be signaled.
The Vulkan spec states: All elements of the pWaitSemaphores member of pPresentInfo must reference a semaphore signal operation that has been submitted for execution and any semaphore signal operations on which it depends must have also been submitted for execution (https://docs.vulkan.org/spec/latest/chapters/VK_KHR_surface/wsi.html#VUID-vkQueuePresentKHR-pWaitSemaphores-03268)
Objects: 2
    [0] VkSemaphore 0x130000000013
    [1] VkQueue 0x2a08d171bb8

Validation Error: [ VUID-vkQueuePresentKHR-pWaitSemaphores-03268 ] | MessageID = 0x251f8f7a
vkQueuePresentKHR(): pPresentInfo->pWaitSemaphores[0] queue (VkQueue 0x2a08d171bb8) is waiting on semaphore (VkSemaphore 0x120000000012) that has no way to be signaled.
The Vulkan spec states: All elements of the pWaitSemaphores member of pPresentInfo must reference a semaphore signal operation that has been submitted for execution and any semaphore signal operations on which it depends must have also been submitted for execution (https://docs.vulkan.org/spec/latest/chapters/VK_KHR_surface/wsi.html#VUID-vkQueuePresentKHR-pWaitSemaphores-03268)
Objects: 2
    [0] VkSemaphore 0x120000000012
    [1] VkQueue 0x2a08d171bb8

Validation Error: [ VUID-vkQueuePresentKHR-pWaitSemaphores-03268 ] | MessageID = 0x251f8f7a
(Warning - This VUID has now been reported 10 times, which is the duplicate_message_limit value, this will be the last time reporting it).
vkQueuePresentKHR(): pPresentInfo->pWaitSemaphores[0] queue (VkQueue 0x2a08d171bb8) is waiting on semaphore (VkSemaphore 0x130000000013) that has no way to be signaled.
The Vulkan spec states: All elements of the pWaitSemaphores member of pPresentInfo must reference a semaphore signal operation that has been submitted for execution and any semaphore signal operations on which it depends must have also been submitted for execution (https://docs.vulkan.org/spec/latest/chapters/VK_KHR_surface/wsi.html#VUID-vkQueuePresentKHR-pWaitSemaphores-03268)
Objects: 2
    [0] VkSemaphore 0x130000000013
    [1] VkQueue 0x2a08d171bb8

